{"ts":"2026-05-25T12:10:07.768Z","actor":"danje57+amangin@gmail.com","actorName":"Aurelien MANGIN","action":"certificate.download","target":"AUP","details":null}
{"ts":"2026-05-25T12:34:30.476Z","actor":"danje57+amangin@gmail.com","actorName":"Aurelien MANGIN","action":"auth.logout","target":null,"details":null}
{"ts":"2026-05-25T12:34:57.528Z","actor":"danje57+jdannenmuller@gmail.com","actorName":"Jeremy DANNENMULLER","action":"auth.login","target":null,"details":null}
{"ts":"2026-05-25T12:36:58.486Z","actor":"danje57+jdannenmuller@gmail.com","actorName":"Jeremy DANNENMULLER","action":"document.view","target":"AUP","details":null}
{"ts":"2026-05-25T12:36:58.489Z","actor":"danje57+jdannenmuller@gmail.com","actorName":"Jeremy DANNENMULLER","action":"document.view","target":"AUP","details":null}
{"ts":"2026-05-25T12:56:23.038Z","actor":"danje57+jdannenmuller@gmail.com","actorName":"Jeremy DANNENMULLER","action":"document.view","target":"Chart Informatique","details":null}
{"ts":"2026-05-25T12:56:23.041Z","actor":"danje57+jdannenmuller@gmail.com","actorName":"Jeremy DANNENMULLER","action":"document.view","target":"AUP","details":null}
{"ts":"2026-05-25T12:56:23.335Z","actor":"danje57+jdannenmuller@gmail.com","actorName":"Jeremy DANNENMULLER","action":"document.view","target":"AUP","details":null}
{"ts":"2026-05-25T12:56:23.354Z","actor":"danje57+jdannenmuller@gmail.com","actorName":"Jeremy DANNENMULLER","action":"document.view","target":"Chart Informatique","details":null}
{"ts":"2026-05-25T12:56:23.601Z","actor":"danje57+jdannenmuller@gmail.com","actorName":"Jeremy DANNENMULLER","action":"document.view","target":"Chart Informatique","details":null}
{"ts":"2026-05-25T12:56:23.698Z","actor":"danje57+jdannenmuller@gmail.com","actorName":"Jeremy DANNENMULLER","action":"document.view","target":"AUP","details":null}
{"ts":"2026-05-25T12:57:31.482Z","actor":"danje57+jdannenmuller@gmail.com","actorName":"Jeremy DANNENMULLER","action":"document.view","target":"Chart Informatique","details":null}
{"ts":"2026-05-25T12:57:31.484Z","actor":"danje57+jdannenmuller@gmail.com","actorName":"Jeremy DANNENMULLER","action":"document.view","target":"AUP","details":null}
{"ts":"2026-05-25T12:57:55.139Z","actor":"danje57+jdannenmuller@gmail.com","actorName":"Jeremy DANNENMULLER","action":"document.view","target":"Chart Informatique","details":null}
{"ts":"2026-05-25T12:57:55.337Z","actor":"danje57+jdannenmuller@gmail.com","actorName":"Jeremy DANNENMULLER","action":"document.view","target":"AUP","details":null}
{"ts":"2026-05-25T12:57:55.395Z","actor":"danje57+jdannenmuller@gmail.com","actorName":"Jeremy DANNENMULLER","action":"document.view","target":"AUP","details":null}
{"ts":"2026-05-25T12:57:55.429Z","actor":"danje57+jdannenmuller@gmail.com","actorName":"Jeremy DANNENMULLER","action":"document.view","target":"Chart Informatique","details":null}
{"ts":"2026-05-25T12:58:09.718Z","actor":"danje57+jdannenmuller@gmail.com","actorName":"Jeremy DANNENMULLER","action":"document.view","target":"Chart Informatique","details":null}
{"ts":"2026-05-25T12:58:09.740Z","actor":"danje57+jdannenmuller@gmail.com","actorName":"Jeremy DANNENMULLER","action":"document.view","target":"Chart Informatique","details":null}
{"ts":"2026-05-25T12:58:18.978Z","actor":"danje57+jdannenmuller@gmail.com","actorName":"Jeremy DANNENMULLER","action":"document.signed","target":"Chart Informatique","details":{"signatureId":"cmpl7pd5o0035ssyin84d9aq0","ipAddress":"::ffff:192.168.1.38"}}
{"ts":"2026-05-25T12:58:26.201Z","actor":"danje57+jdannenmuller@gmail.com","actorName":"Jeremy DANNENMULLER","action":"certificate.download","target":"Chart Informatique","details":null}
{"ts":"2026-05-25T12:58:31.484Z","actor":"danje57+jdannenmuller@gmail.com","actorName":"Jeremy DANNENMULLER","action":"document.view","target":"Chart Informatique","details":null}
{"ts":"2026-05-25T12:58:31.566Z","actor":"danje57+jdannenmuller@gmail.com","actorName":"Jeremy DANNENMULLER","action":"document.view","target":"AUP","details":null}
{"ts":"2026-05-25T12:58:31.720Z","actor":"danje57+jdannenmuller@gmail.com","actorName":"Jeremy DANNENMULLER","action":"document.view","target":"Chart Informatique","details":null}
{"ts":"2026-05-25T12:58:31.763Z","actor":"danje57+jdannenmuller@gmail.com","actorName":"Jeremy DANNENMULLER","action":"document.view","target":"AUP","details":null}
{"ts":"2026-05-25T12:58:48.361Z","actor":"danje57+jdannenmuller@gmail.com","actorName":"Jeremy DANNENMULLER","action":"document.view","target":"AUP","details":null}
{"ts":"2026-05-25T12:58:48.565Z","actor":"danje57+jdannenmuller@gmail.com","actorName":"Jeremy DANNENMULLER","action":"document.view","target":"AUP","details":null}
{"ts":"2026-05-25T12:58:48.576Z","actor":"danje57+jdannenmuller@gmail.com","actorName":"Jeremy DANNENMULLER","action":"document.view","target":"Chart Informatique","details":null}
{"ts":"2026-05-25T12:58:48.597Z","actor":"danje57+jdannenmuller@gmail.com","actorName":"Jeremy DANNENMULLER","action":"document.view","target":"Chart Informatique","details":null}
{"ts":"2026-05-25T12:59:07.997Z","actor":"danje57+jdannenmuller@gmail.com","actorName":"Jeremy DANNENMULLER","action":"document.view","target":"AUP","details":null}
{"ts":"2026-05-25T12:59:08.139Z","actor":"danje57+jdannenmuller@gmail.com","actorName":"Jeremy DANNENMULLER","action":"document.view","target":"AUP","details":null}
{"ts":"2026-05-25T12:59:08.188Z","actor":"danje57+jdannenmuller@gmail.com","actorName":"Jeremy DANNENMULLER","action":"document.view","target":"Chart Informatique","details":null}
{"ts":"2026-05-25T12:59:08.190Z","actor":"danje57+jdannenmuller@gmail.com","actorName":"Jeremy DANNENMULLER","action":"document.view","target":"Chart Informatique","details":null}
{"ts":"2026-05-25T13:06:15.619Z","actor":"danje57+jdannenmuller@gmail.com","actorName":"Jeremy DANNENMULLER","action":"document.view","target":"AUP","details":null}
{"ts":"2026-05-25T13:06:15.623Z","actor":"danje57+jdannenmuller@gmail.com","actorName":"Jeremy DANNENMULLER","action":"document.view","target":"Chart Informatique","details":null}
{"ts":"2026-05-25T13:06:15.768Z","actor":"danje57+jdannenmuller@gmail.com","actorName":"Jeremy DANNENMULLER","action":"document.view","target":"AUP","details":null}
{"ts":"2026-05-25T13:06:15.830Z","actor":"danje57+jdannenmuller@gmail.com","actorName":"Jeremy DANNENMULLER","action":"document.view","target":"Chart Informatique","details":null}
{"ts":"2026-05-25T13:06:19.695Z","actor":"danje57+jdannenmuller@gmail.com","actorName":"Jeremy DANNENMULLER","action":"document.view","target":"Chart Informatique","details":null}
{"ts":"2026-05-25T13:06:19.822Z","actor":"danje57+jdannenmuller@gmail.com","actorName":"Jeremy DANNENMULLER","action":"document.view","target":"AUP","details":null}
{"ts":"2026-05-25T13:06:19.887Z","actor":"danje57+jdannenmuller@gmail.com","actorName":"Jeremy DANNENMULLER","action":"document.view","target":"Chart Informatique","details":null}
{"ts":"2026-05-25T13:06:19.898Z","actor":"danje57+jdannenmuller@gmail.com","actorName":"Jeremy DANNENMULLER","action":"document.view","target":"AUP","details":null}
{"ts":"2026-05-25T13:06:33.013Z","actor":"danje57+jdannenmuller@gmail.com","actorName":"Jeremy DANNENMULLER","action":"document.view","target":"AUP","details":null}
{"ts":"2026-05-25T13:06:33.134Z","actor":"danje57+jdannenmuller@gmail.com","actorName":"Jeremy DANNENMULLER","action":"document.view","target":"Chart Informatique","details":null}
{"ts":"2026-05-25T13:06:33.196Z","actor":"danje57+jdannenmuller@gmail.com","actorName":"Jeremy DANNENMULLER","action":"document.view","target":"AUP","details":null}
{"ts":"2026-05-25T13:06:33.215Z","actor":"danje57+jdannenmuller@gmail.com","actorName":"Jeremy DANNENMULLER","action":"document.view","target":"Chart Informatique","details":null}
{"ts":"2026-05-25T13:10:45.849Z","actor":"danje57+jdannenmuller@gmail.com","actorName":"Jeremy DANNENMULLER","action":"document.view","target":"Chart Informatique","details":null}
{"ts":"2026-05-25T13:10:45.851Z","actor":"danje57+jdannenmuller@gmail.com","actorName":"Jeremy DANNENMULLER","action":"document.view","target":"AUP","details":null}
{"ts":"2026-05-25T13:10:46.102Z","actor":"danje57+jdannenmuller@gmail.com","actorName":"Jeremy DANNENMULLER","action":"document.view","target":"AUP","details":null}
{"ts":"2026-05-25T13:10:46.116Z","actor":"danje57+jdannenmuller@gmail.com","actorName":"Jeremy DANNENMULLER","action":"document.view","target":"Chart Informatique","details":null}
{"ts":"2026-05-25T13:11:33.412Z","actor":"danje57+jdannenmuller@gmail.com","actorName":"Jeremy DANNENMULLER","action":"document.view","target":"Chart Informatique","details":null}
{"ts":"2026-05-25T13:11:33.542Z","actor":"danje57+jdannenmuller@gmail.com","actorName":"Jeremy DANNENMULLER","action":"document.view","target":"AUP","details":null}
{"ts":"2026-05-25T13:11:33.623Z","actor":"danje57+jdannenmuller@gmail.com","actorName":"Jeremy DANNENMULLER","action":"document.view","target":"AUP","details":null}
{"ts":"2026-05-25T13:11:33.655Z","actor":"danje57+jdannenmuller@gmail.com","actorName":"Jeremy DANNENMULLER","action":"document.view","target":"Chart Informatique","details":null}
{"ts":"2026-05-25T13:11:34.877Z","actor":"danje57+jdannenmuller@gmail.com","actorName":"Jeremy DANNENMULLER","action":"document.view","target":"AUP","details":null}
{"ts":"2026-05-25T13:11:35.058Z","actor":"danje57+jdannenmuller@gmail.com","actorName":"Jeremy DANNENMULLER","action":"document.view","target":"AUP","details":null}
{"ts":"2026-05-25T13:11:35.077Z","actor":"danje57+jdannenmuller@gmail.com","actorName":"Jeremy DANNENMULLER","action":"document.view","target":"Chart Informatique","details":null}
{"ts":"2026-05-25T13:11:35.099Z","actor":"danje57+jdannenmuller@gmail.com","actorName":"Jeremy DANNENMULLER","action":"document.view","target":"Chart Informatique","details":null}
{"ts":"2026-05-25T13:11:36.552Z","actor":"danje57+jdannenmuller@gmail.com","actorName":"Jeremy DANNENMULLER","action":"document.view","target":"AUP","details":null}
{"ts":"2026-05-25T13:11:36.681Z","actor":"danje57+jdannenmuller@gmail.com","actorName":"Jeremy DANNENMULLER","action":"document.view","target":"Chart Informatique","details":null}
{"ts":"2026-05-25T13:11:36.715Z","actor":"danje57+jdannenmuller@gmail.com","actorName":"Jeremy DANNENMULLER","action":"document.view","target":"Chart Informatique","details":null}
{"ts":"2026-05-25T13:11:36.751Z","actor":"danje57+jdannenmuller@gmail.com","actorName":"Jeremy DANNENMULLER","action":"document.view","target":"AUP","details":null}
{"ts":"2026-05-25T13:17:06.373Z","actor":"danje57+jdannenmuller@gmail.com","actorName":"Jeremy DANNENMULLER","action":"document.view","target":"AUP","details":null}
{"ts":"2026-05-25T13:17:06.378Z","actor":"danje57+jdannenmuller@gmail.com","actorName":"Jeremy DANNENMULLER","action":"document.view","target":"Chart Informatique","details":null}
{"ts":"2026-05-25T13:17:07.154Z","actor":"danje57+jdannenmuller@gmail.com","actorName":"Jeremy DANNENMULLER","action":"document.view","target":"AUP","details":null}
{"ts":"2026-05-25T13:17:07.356Z","actor":"danje57+jdannenmuller@gmail.com","actorName":"Jeremy DANNENMULLER","action":"document.view","target":"Chart Informatique","details":null}
{"ts":"2026-05-25T13:17:07.389Z","actor":"danje57+jdannenmuller@gmail.com","actorName":"Jeremy DANNENMULLER","action":"document.view","target":"AUP","details":null}
{"ts":"2026-05-25T13:17:07.391Z","actor":"danje57+jdannenmuller@gmail.com","actorName":"Jeremy DANNENMULLER","action":"document.view","target":"Chart Informatique","details":null}
{"ts":"2026-05-25T13:17:19.583Z","actor":"danje57+jdannenmuller@gmail.com","actorName":"Jeremy DANNENMULLER","action":"document.view","target":"Chart Informatique","details":null}
{"ts":"2026-05-25T13:17:19.817Z","actor":"danje57+jdannenmuller@gmail.com","actorName":"Jeremy DANNENMULLER","action":"document.view","target":"AUP","details":null}
{"ts":"2026-05-25T13:17:19.855Z","actor":"danje57+jdannenmuller@gmail.com","actorName":"Jeremy DANNENMULLER","action":"document.view","target":"AUP","details":null}
{"ts":"2026-05-25T13:17:19.874Z","actor":"danje57+jdannenmuller@gmail.com","actorName":"Jeremy DANNENMULLER","action":"document.view","target":"Chart Informatique","details":null}
{"ts":"2026-05-25T13:17:22.353Z","actor":"danje57+jdannenmuller@gmail.com","actorName":"Jeremy DANNENMULLER","action":"document.view","target":"AUP","details":null}
{"ts":"2026-05-25T13:17:22.369Z","actor":"danje57+jdannenmuller@gmail.com","actorName":"Jeremy DANNENMULLER","action":"document.view","target":"AUP","details":null}
{"ts":"2026-05-25T13:18:39.208Z","actor":"danje57+jdannenmuller@gmail.com","actorName":"Jeremy DANNENMULLER","action":"document.view","target":"AUP","details":null}
{"ts":"2026-05-25T13:18:39.210Z","actor":"danje57+jdannenmuller@gmail.com","actorName":"Jeremy DANNENMULLER","action":"document.view","target":"Chart Informatique","details":null}
{"ts":"2026-05-25T13:18:40.142Z","actor":"danje57+jdannenmuller@gmail.com","actorName":"Jeremy DANNENMULLER","action":"document.view","target":"AUP","details":null}
{"ts":"2026-05-25T13:18:40.154Z","actor":"danje57+jdannenmuller@gmail.com","actorName":"Jeremy DANNENMULLER","action":"document.view","target":"Chart Informatique","details":null}
{"ts":"2026-05-25T13:20:26.180Z","actor":"danje57+jdannenmuller@gmail.com","actorName":"Jeremy DANNENMULLER","action":"document.view","target":"Chart Informatique","details":null}
{"ts":"2026-05-25T13:20:26.380Z","actor":"danje57+jdannenmuller@gmail.com","actorName":"Jeremy DANNENMULLER","action":"document.view","target":"AUP","details":null}
{"ts":"2026-05-25T13:20:26.417Z","actor":"danje57+jdannenmuller@gmail.com","actorName":"Jeremy DANNENMULLER","action":"document.view","target":"AUP","details":null}
{"ts":"2026-05-25T13:20:26.418Z","actor":"danje57+jdannenmuller@gmail.com","actorName":"Jeremy DANNENMULLER","action":"document.view","target":"Chart Informatique","details":null}
{"ts":"2026-05-25T13:21:26.890Z","actor":"danje57+jdannenmuller@gmail.com","actorName":"Jeremy DANNENMULLER","action":"document.view","target":"AUP","details":null}
{"ts":"2026-05-25T13:21:26.952Z","actor":"danje57+jdannenmuller@gmail.com","actorName":"Jeremy DANNENMULLER","action":"document.view","target":"Chart Informatique","details":null}
{"ts":"2026-05-25T13:21:27.162Z","actor":"danje57+jdannenmuller@gmail.com","actorName":"Jeremy DANNENMULLER","action":"document.view","target":"AUP","details":null}
{"ts":"2026-05-25T13:21:27.243Z","actor":"danje57+jdannenmuller@gmail.com","actorName":"Jeremy DANNENMULLER","action":"document.view","target":"Chart Informatique","details":null}
{"ts":"2026-05-25T13:21:48.849Z","actor":"danje57+jdannenmuller@gmail.com","actorName":"Jeremy DANNENMULLER","action":"document.view","target":"AUP","details":null}
{"ts":"2026-05-25T13:21:48.904Z","actor":"danje57+jdannenmuller@gmail.com","actorName":"Jeremy DANNENMULLER","action":"document.view","target":"Chart Informatique","details":null}
{"ts":"2026-05-25T13:21:54.651Z","actor":"danje57+jdannenmuller@gmail.com","actorName":"Jeremy DANNENMULLER","action":"document.view","target":"Chart Informatique","details":null}
{"ts":"2026-05-25T13:21:54.680Z","actor":"danje57+jdannenmuller@gmail.com","actorName":"Jeremy DANNENMULLER","action":"document.view","target":"Chart Informatique","details":null}
{"ts":"2026-05-25T13:21:54.698Z","actor":"danje57+jdannenmuller@gmail.com","actorName":"Jeremy DANNENMULLER","action":"document.view","target":"AUP","details":null}
{"ts":"2026-05-25T13:21:54.721Z","actor":"danje57+jdannenmuller@gmail.com","actorName":"Jeremy DANNENMULLER","action":"document.view","target":"AUP","details":null}
{"ts":"2026-05-25T13:21:55.392Z","actor":"danje57+jdannenmuller@gmail.com","actorName":"Jeremy DANNENMULLER","action":"document.view","target":"AUP","details":null}
{"ts":"2026-05-25T13:21:55.594Z","actor":"danje57+jdannenmuller@gmail.com","actorName":"Jeremy DANNENMULLER","action":"document.view","target":"AUP","details":null}
{"ts":"2026-05-25T13:21:55.650Z","actor":"danje57+jdannenmuller@gmail.com","actorName":"Jeremy DANNENMULLER","action":"document.view","target":"Chart Informatique","details":null}
{"ts":"2026-05-25T13:21:55.667Z","actor":"danje57+jdannenmuller@gmail.com","actorName":"Jeremy DANNENMULLER","action":"document.view","target":"Chart Informatique","details":null}
{"ts":"2026-05-25T13:23:54.342Z","actor":"danje57+jdannenmuller@gmail.com","actorName":"Jeremy DANNENMULLER","action":"document.view","target":"AUP","details":null}
{"ts":"2026-05-25T13:23:54.505Z","actor":"danje57+jdannenmuller@gmail.com","actorName":"Jeremy DANNENMULLER","action":"document.view","target":"Chart Informatique","details":null}
{"ts":"2026-05-25T13:23:54.531Z","actor":"danje57+jdannenmuller@gmail.com","actorName":"Jeremy DANNENMULLER","action":"document.view","target":"AUP","details":null}
{"ts":"2026-05-25T13:23:54.533Z","actor":"danje57+jdannenmuller@gmail.com","actorName":"Jeremy DANNENMULLER","action":"document.view","target":"Chart Informatique","details":null}
{"ts":"2026-05-25T13:24:00.812Z","actor":"danje57+jdannenmuller@gmail.com","actorName":"Jeremy DANNENMULLER","action":"document.view","target":"AUP","details":null}
{"ts":"2026-05-25T13:24:00.986Z","actor":"danje57+jdannenmuller@gmail.com","actorName":"Jeremy DANNENMULLER","action":"document.view","target":"Chart Informatique","details":null}
{"ts":"2026-05-25T13:24:01.011Z","actor":"danje57+jdannenmuller@gmail.com","actorName":"Jeremy DANNENMULLER","action":"document.view","target":"AUP","details":null}
{"ts":"2026-05-25T13:24:01.013Z","actor":"danje57+jdannenmuller@gmail.com","actorName":"Jeremy DANNENMULLER","action":"document.view","target":"Chart Informatique","details":null}
{"ts":"2026-05-25T13:24:07.192Z","actor":"danje57+jdannenmuller@gmail.com","actorName":"Jeremy DANNENMULLER","action":"document.view","target":"Chart Informatique","details":null}
{"ts":"2026-05-25T13:24:07.389Z","actor":"danje57+jdannenmuller@gmail.com","actorName":"Jeremy DANNENMULLER","action":"document.view","target":"AUP","details":null}
{"ts":"2026-05-25T13:24:07.412Z","actor":"danje57+jdannenmuller@gmail.com","actorName":"Jeremy DANNENMULLER","action":"document.view","target":"AUP","details":null}
{"ts":"2026-05-25T13:24:07.427Z","actor":"danje57+jdannenmuller@gmail.com","actorName":"Jeremy DANNENMULLER","action":"document.view","target":"Chart Informatique","details":null}
{"ts":"2026-05-25T13:24:35.089Z","actor":"danje57+jdannenmuller@gmail.com","actorName":"Jeremy DANNENMULLER","action":"document.view","target":"Chart Informatique","details":null}
{"ts":"2026-05-25T13:24:35.179Z","actor":"danje57+jdannenmuller@gmail.com","actorName":"Jeremy DANNENMULLER","action":"document.view","target":"AUP","details":null}
{"ts":"2026-05-25T13:28:05.933Z","actor":"danje57+jdannenmuller@gmail.com","actorName":"Jeremy DANNENMULLER","action":"document.view","target":"Chart Informatique","details":null}
{"ts":"2026-05-25T13:28:05.938Z","actor":"danje57+jdannenmuller@gmail.com","actorName":"Jeremy DANNENMULLER","action":"document.view","target":"AUP","details":null}
{"ts":"2026-05-25T13:28:06.630Z","actor":"danje57+jdannenmuller@gmail.com","actorName":"Jeremy DANNENMULLER","action":"document.view","target":"AUP","details":null}
{"ts":"2026-05-25T13:28:12.740Z","actor":"danje57+jdannenmuller@gmail.com","actorName":"Jeremy DANNENMULLER","action":"document.view","target":"Chart Informatique","details":null}
{"ts":"2026-05-25T13:28:25.123Z","actor":"danje57+jdannenmuller@gmail.com","actorName":"Jeremy DANNENMULLER","action":"document.view","target":"AUP","details":null}
{"ts":"2026-05-25T13:29:03.828Z","actor":"danje57+jdannenmuller@gmail.com","actorName":"Jeremy DANNENMULLER","action":"document.view","target":"AUP","details":null}
{"ts":"2026-05-25T13:29:03.906Z","actor":"danje57+jdannenmuller@gmail.com","actorName":"Jeremy DANNENMULLER","action":"document.view","target":"Chart Informatique","details":null}
{"ts":"2026-05-25T13:33:29.946Z","actor":"danje57+jdannenmuller@gmail.com","actorName":"Jeremy DANNENMULLER","action":"document.view","target":"Chart Informatique","details":null}
{"ts":"2026-05-25T13:33:30.108Z","actor":"danje57+jdannenmuller@gmail.com","actorName":"Jeremy DANNENMULLER","action":"document.view","target":"Chart Informatique","details":null}
{"ts":"2026-05-25T13:33:46.072Z","actor":"danje57+jdannenmuller@gmail.com","actorName":"Jeremy DANNENMULLER","action":"document.view","target":"AUP","details":null}
{"ts":"2026-05-25T13:33:46.211Z","actor":"danje57+jdannenmuller@gmail.com","actorName":"Jeremy DANNENMULLER","action":"document.view","target":"Chart Informatique","details":null}
{"ts":"2026-05-25T13:33:46.282Z","actor":"danje57+jdannenmuller@gmail.com","actorName":"Jeremy DANNENMULLER","action":"document.view","target":"Chart Informatique","details":null}
{"ts":"2026-05-25T13:33:46.378Z","actor":"danje57+jdannenmuller@gmail.com","actorName":"Jeremy DANNENMULLER","action":"document.view","target":"AUP","details":null}
{"ts":"2026-05-25T13:33:48.700Z","actor":"danje57+jdannenmuller@gmail.com","actorName":"Jeremy DANNENMULLER","action":"document.view","target":"AUP","details":null}
{"ts":"2026-05-25T13:33:48.848Z","actor":"danje57+jdannenmuller@gmail.com","actorName":"Jeremy DANNENMULLER","action":"document.view","target":"Chart Informatique","details":null}
{"ts":"2026-05-25T13:33:48.867Z","actor":"danje57+jdannenmuller@gmail.com","actorName":"Jeremy DANNENMULLER","action":"document.view","target":"Chart Informatique","details":null}
{"ts":"2026-05-25T13:33:48.874Z","actor":"danje57+jdannenmuller@gmail.com","actorName":"Jeremy DANNENMULLER","action":"document.view","target":"AUP","details":null}
{"ts":"2026-05-25T13:34:55.643Z","actor":"danje57+jdannenmuller@gmail.com","actorName":"Jeremy DANNENMULLER","action":"document.view","target":"AUP","details":null}
{"ts":"2026-05-25T13:34:55.812Z","actor":"danje57+jdannenmuller@gmail.com","actorName":"Jeremy DANNENMULLER","action":"document.view","target":"Chart Informatique","details":null}
{"ts":"2026-05-25T13:34:55.880Z","actor":"danje57+jdannenmuller@gmail.com","actorName":"Jeremy DANNENMULLER","action":"document.view","target":"AUP","details":null}
{"ts":"2026-05-25T13:34:55.881Z","actor":"danje57+jdannenmuller@gmail.com","actorName":"Jeremy DANNENMULLER","action":"document.view","target":"Chart Informatique","details":null}
{"ts":"2026-05-25T13:36:41.236Z","actor":"danje57+jdannenmuller@gmail.com","actorName":"Jeremy DANNENMULLER","action":"document.view","target":"Chart Informatique","details":null}
{"ts":"2026-05-25T13:36:41.281Z","actor":"danje57+jdannenmuller@gmail.com","actorName":"Jeremy DANNENMULLER","action":"document.view","target":"AUP","details":null}
{"ts":"2026-05-25T13:36:41.417Z","actor":"danje57+jdannenmuller@gmail.com","actorName":"Jeremy DANNENMULLER","action":"document.view","target":"AUP","details":null}
{"ts":"2026-05-25T13:36:41.502Z","actor":"danje57+jdannenmuller@gmail.com","actorName":"Jeremy DANNENMULLER","action":"document.view","target":"Chart Informatique","details":null}
{"ts":"2026-05-25T13:36:42.421Z","actor":"danje57+jdannenmuller@gmail.com","actorName":"Jeremy DANNENMULLER","action":"document.view","target":"AUP","details":null}
{"ts":"2026-05-25T13:36:42.614Z","actor":"danje57+jdannenmuller@gmail.com","actorName":"Jeremy DANNENMULLER","action":"document.view","target":"Chart Informatique","details":null}
{"ts":"2026-05-25T13:36:42.654Z","actor":"danje57+jdannenmuller@gmail.com","actorName":"Jeremy DANNENMULLER","action":"document.view","target":"AUP","details":null}
{"ts":"2026-05-25T13:36:42.669Z","actor":"danje57+jdannenmuller@gmail.com","actorName":"Jeremy DANNENMULLER","action":"document.view","target":"Chart Informatique","details":null}
{"ts":"2026-05-25T13:37:19.580Z","actor":"danje57+jdannenmuller@gmail.com","actorName":"Jeremy DANNENMULLER","action":"document.force-signed","target":"AUP","details":{"forcedForUserId":"cmp9y2oti0005ssk0rxuc1ubg","forcedForUserEmail":"danje57+arenard@gmail.com"}}
{"ts":"2026-05-25T13:37:40.233Z","actor":"danje57+jdannenmuller@gmail.com","actorName":"Jeremy DANNENMULLER","action":"document.view","target":"Chart Informatique","details":null}
{"ts":"2026-05-25T13:37:40.280Z","actor":"danje57+jdannenmuller@gmail.com","actorName":"Jeremy DANNENMULLER","action":"document.view","target":"AUP","details":null}
{"ts":"2026-05-25T13:37:40.437Z","actor":"danje57+jdannenmuller@gmail.com","actorName":"Jeremy DANNENMULLER","action":"document.view","target":"AUP","details":null}
{"ts":"2026-05-25T13:37:40.511Z","actor":"danje57+jdannenmuller@gmail.com","actorName":"Jeremy DANNENMULLER","action":"document.view","target":"Chart Informatique","details":null}
{"ts":"2026-05-25T14:10:07.084Z","actor":"danje57+jdannenmuller@gmail.com","actorName":"Jeremy DANNENMULLER","action":"document.upload","target":"BASELINE","details":null}
