{"ts":"2026-06-02T05:03:33.673Z","actor":"danje57+jdannenmuller@noelse.com","actorName":null,"action":"auth.login_failed","target":null,"details":{"reason":"user_not_found"}}
{"ts":"2026-06-02T05:04:12.649Z","actor":"danje57+jdannenmuller@gmail.com","actorName":"Jeremy DANNENMULLER","action":"auth.login","target":null,"details":null}
{"ts":"2026-06-02T05:22:12.303Z","actor":"danje57+jdannenmuller@gmail.com","actorName":"Jeremy DANNENMULLER","action":"document.view","target":"Chart Informatique","details":null}
{"ts":"2026-06-02T05:22:12.470Z","actor":"danje57+jdannenmuller@gmail.com","actorName":"Jeremy DANNENMULLER","action":"document.view","target":"AUP","details":null}
{"ts":"2026-06-02T05:22:12.488Z","actor":"danje57+jdannenmuller@gmail.com","actorName":"Jeremy DANNENMULLER","action":"document.view","target":"Chart Informatique","details":null}
{"ts":"2026-06-02T05:22:12.561Z","actor":"danje57+jdannenmuller@gmail.com","actorName":"Jeremy DANNENMULLER","action":"document.view","target":"AUP","details":null}
{"ts":"2026-06-02T05:23:23.269Z","actor":"danje57+jdannenmuller@gmail.com","actorName":"Jeremy DANNENMULLER","action":"document.view","target":"AUP","details":null}
{"ts":"2026-06-02T05:23:23.438Z","actor":"danje57+jdannenmuller@gmail.com","actorName":"Jeremy DANNENMULLER","action":"document.view","target":"Chart Informatique","details":null}
{"ts":"2026-06-02T05:23:23.638Z","actor":"danje57+jdannenmuller@gmail.com","actorName":"Jeremy DANNENMULLER","action":"document.view","target":"AUP","details":null}
{"ts":"2026-06-02T05:23:23.705Z","actor":"danje57+jdannenmuller@gmail.com","actorName":"Jeremy DANNENMULLER","action":"document.view","target":"Chart Informatique","details":null}
{"ts":"2026-06-02T05:23:25.441Z","actor":"danje57+jdannenmuller@gmail.com","actorName":"Jeremy DANNENMULLER","action":"document.view","target":"AUP","details":null}
{"ts":"2026-06-02T05:23:25.614Z","actor":"danje57+jdannenmuller@gmail.com","actorName":"Jeremy DANNENMULLER","action":"document.view","target":"AUP","details":null}
{"ts":"2026-06-02T05:23:25.653Z","actor":"danje57+jdannenmuller@gmail.com","actorName":"Jeremy DANNENMULLER","action":"document.view","target":"Chart Informatique","details":null}
{"ts":"2026-06-02T05:23:25.736Z","actor":"danje57+jdannenmuller@gmail.com","actorName":"Jeremy DANNENMULLER","action":"document.view","target":"Chart Informatique","details":null}
{"ts":"2026-06-02T05:24:51.211Z","actor":"danje57+jdannenmuller@gmail.com","actorName":"Jeremy DANNENMULLER","action":"document.view","target":"Chart Informatique","details":null}
{"ts":"2026-06-02T05:24:51.502Z","actor":"danje57+jdannenmuller@gmail.com","actorName":"Jeremy DANNENMULLER","action":"document.view","target":"Chart Informatique","details":null}
{"ts":"2026-06-02T05:24:51.618Z","actor":"danje57+jdannenmuller@gmail.com","actorName":"Jeremy DANNENMULLER","action":"document.view","target":"AUP","details":null}
{"ts":"2026-06-02T05:24:51.732Z","actor":"danje57+jdannenmuller@gmail.com","actorName":"Jeremy DANNENMULLER","action":"document.view","target":"AUP","details":null}
{"ts":"2026-06-02T05:26:59.760Z","actor":"danje57+jdannenmuller@gmail.com","actorName":"Jeremy DANNENMULLER","action":"document.upload","target":"Test JDA","details":null}
{"ts":"2026-06-02T05:28:06.509Z","actor":"danje57+jdannenmuller@gmail.com","actorName":"Jeremy DANNENMULLER","action":"document.view","target":"Chart Informatique","details":null}
{"ts":"2026-06-02T05:28:06.694Z","actor":"danje57+jdannenmuller@gmail.com","actorName":"Jeremy DANNENMULLER","action":"document.view","target":"AUP","details":null}
{"ts":"2026-06-02T05:28:06.732Z","actor":"danje57+jdannenmuller@gmail.com","actorName":"Jeremy DANNENMULLER","action":"document.view","target":"AUP","details":null}
{"ts":"2026-06-02T05:28:06.775Z","actor":"danje57+jdannenmuller@gmail.com","actorName":"Jeremy DANNENMULLER","action":"document.view","target":"Chart Informatique","details":null}
{"ts":"2026-06-02T05:29:58.094Z","actor":"danje57+jdannenmuller@gmail.com","actorName":"Jeremy DANNENMULLER","action":"document.view","target":"AUP","details":null}
{"ts":"2026-06-02T05:29:58.096Z","actor":"danje57+jdannenmuller@gmail.com","actorName":"Jeremy DANNENMULLER","action":"document.view","target":"AUP","details":null}
{"ts":"2026-06-02T05:29:58.097Z","actor":"danje57+jdannenmuller@gmail.com","actorName":"Jeremy DANNENMULLER","action":"document.view","target":"Chart Informatique","details":null}
{"ts":"2026-06-02T05:29:58.102Z","actor":"danje57+jdannenmuller@gmail.com","actorName":"Jeremy DANNENMULLER","action":"document.view","target":"Chart Informatique","details":null}
{"ts":"2026-06-02T05:30:25.863Z","actor":"danje57+jdannenmuller@gmail.com","actorName":"Jeremy DANNENMULLER","action":"document.view","target":"Chart Informatique","details":null}
{"ts":"2026-06-02T05:30:25.905Z","actor":"danje57+jdannenmuller@gmail.com","actorName":"Jeremy DANNENMULLER","action":"document.view","target":"AUP","details":null}
{"ts":"2026-06-02T05:30:44.292Z","actor":"danje57+jdannenmuller@gmail.com","actorName":"Jeremy DANNENMULLER","action":"document.view","target":"Chart Informatique","details":null}
{"ts":"2026-06-02T05:30:44.575Z","actor":"danje57+jdannenmuller@gmail.com","actorName":"Jeremy DANNENMULLER","action":"document.view","target":"AUP","details":null}
{"ts":"2026-06-02T05:30:44.702Z","actor":"danje57+jdannenmuller@gmail.com","actorName":"Jeremy DANNENMULLER","action":"document.view","target":"AUP","details":null}
{"ts":"2026-06-02T05:30:44.927Z","actor":"danje57+jdannenmuller@gmail.com","actorName":"Jeremy DANNENMULLER","action":"document.view","target":"Chart Informatique","details":null}
{"ts":"2026-06-02T05:33:21.637Z","actor":"danje57+jdannenmuller@gmail.com","actorName":"Jeremy DANNENMULLER","action":"document.view","target":"Chart Informatique","details":null}
{"ts":"2026-06-02T05:33:21.638Z","actor":"danje57+jdannenmuller@gmail.com","actorName":"Jeremy DANNENMULLER","action":"document.view","target":"AUP","details":null}
{"ts":"2026-06-02T05:34:01.236Z","actor":"danje57+jdannenmuller@gmail.com","actorName":"Jeremy DANNENMULLER","action":"document.view","target":"AUP","details":null}
{"ts":"2026-06-02T05:34:01.267Z","actor":"danje57+jdannenmuller@gmail.com","actorName":"Jeremy DANNENMULLER","action":"document.view","target":"Chart Informatique","details":null}
{"ts":"2026-06-02T05:36:46.098Z","actor":"danje57+jdannenmuller@gmail.com","actorName":"Jeremy DANNENMULLER","action":"document.view","target":"Chart Informatique","details":null}
{"ts":"2026-06-02T05:36:46.102Z","actor":"danje57+jdannenmuller@gmail.com","actorName":"Jeremy DANNENMULLER","action":"document.view","target":"Chart Informatique","details":null}
{"ts":"2026-06-02T05:36:46.103Z","actor":"danje57+jdannenmuller@gmail.com","actorName":"Jeremy DANNENMULLER","action":"document.view","target":"AUP","details":null}
{"ts":"2026-06-02T05:36:46.105Z","actor":"danje57+jdannenmuller@gmail.com","actorName":"Jeremy DANNENMULLER","action":"document.view","target":"AUP","details":null}
{"ts":"2026-06-02T05:36:56.072Z","actor":"danje57+jdannenmuller@gmail.com","actorName":"Jeremy DANNENMULLER","action":"document.view","target":"AUP","details":null}
{"ts":"2026-06-02T05:36:56.087Z","actor":"danje57+jdannenmuller@gmail.com","actorName":"Jeremy DANNENMULLER","action":"document.view","target":"Chart Informatique","details":null}
{"ts":"2026-06-02T05:37:22.511Z","actor":"danje57+jdannenmuller@gmail.com","actorName":"Jeremy DANNENMULLER","action":"document.view","target":"AUP","details":null}
{"ts":"2026-06-02T05:37:22.515Z","actor":"danje57+jdannenmuller@gmail.com","actorName":"Jeremy DANNENMULLER","action":"document.view","target":"Chart Informatique","details":null}
{"ts":"2026-06-02T05:37:22.518Z","actor":"danje57+jdannenmuller@gmail.com","actorName":"Jeremy DANNENMULLER","action":"document.view","target":"AUP","details":null}
{"ts":"2026-06-02T05:37:22.523Z","actor":"danje57+jdannenmuller@gmail.com","actorName":"Jeremy DANNENMULLER","action":"document.view","target":"Chart Informatique","details":null}
{"ts":"2026-06-02T06:27:46.717Z","actor":"danje57+jdannenmuller@gmail.com","actorName":"Jeremy DANNENMULLER","action":"auth.logout","target":null,"details":null}
{"ts":"2026-06-02T06:28:30.335Z","actor":"danje57+jdannenmuller@gmail.com","actorName":"Jeremy DANNENMULLER","action":"auth.login","target":null,"details":null}
{"ts":"2026-06-02T06:29:32.114Z","actor":"danje57+jdannenmuller@gmail.com","actorName":"Jeremy DANNENMULLER","action":"certificate.download","target":"Chart Informatique","details":null}
{"ts":"2026-06-02T08:39:52.224Z","actor":"danje57+jdannenmuller@gmail.com","actorName":"Jeremy DANNENMULLER","action":"document.upload","target":"Mon test Workflow","details":null}
