{"ts":"2026-06-11T10:06:05.983Z","actor":"danje57+jdannenmuller@gmail.com","actorName":"Jeremy DANNENMULLER","action":"auth.login","target":null,"details":null}
{"ts":"2026-06-11T10:06:27.593Z","actor":"danje57+jdannenmuller@gmail.com","actorName":"Jeremy DANNENMULLER","action":"auth.logout","target":null,"details":null}
{"ts":"2026-06-11T10:06:45.165Z","actor":"danje57+mangin@gmail.com","actorName":null,"action":"auth.login_failed","target":null,"details":{"reason":"user_not_found"}}
{"ts":"2026-06-11T10:06:52.302Z","actor":"danje57+mangin@gmail.com","actorName":null,"action":"auth.login_failed","target":null,"details":{"reason":"user_not_found"}}
{"ts":"2026-06-11T10:07:02.571Z","actor":"danje57+amangin@gmail.com","actorName":"Aurelien MANGIN","action":"auth.login","target":null,"details":null}
{"ts":"2026-06-11T10:14:52.100Z","actor":"danje57+amangin@gmail.com","actorName":"Aurelien MANGIN","action":"auth.login","target":null,"details":null}
{"ts":"2026-06-11T10:30:15.385Z","actor":"danje57+amangin@gmail.com","actorName":"Aurelien MANGIN","action":"auth.login","target":null,"details":null}
{"ts":"2026-06-11T10:32:22.312Z","actor":"danje57+amangin@gmail.com","actorName":"Aurelien MANGIN","action":"auth.login","target":null,"details":null}
{"ts":"2026-06-11T10:36:37.173Z","actor":"danje57+amangin@gmail.com","actorName":"Aurelien MANGIN","action":"auth.login","target":null,"details":null}
{"ts":"2026-06-11T10:39:43.988Z","actor":"danje57+amangin@gmail.com","actorName":"Aurelien MANGIN","action":"auth.login","target":null,"details":null}
{"ts":"2026-06-11T10:45:25.173Z","actor":"danje57+amangin@gmail.com","actorName":"Aurelien MANGIN","action":"auth.login","target":null,"details":null}
{"ts":"2026-06-11T11:05:42.235Z","actor":"danje57+amangin@gmail.com","actorName":"Aurelien MANGIN","action":"auth.login","target":null,"details":null}
{"ts":"2026-06-11T11:07:42.393Z","actor":"danje57+amangin@gmail.com","actorName":"Aurelien MANGIN","action":"auth.login","target":null,"details":null}
{"ts":"2026-06-11T11:09:33.188Z","actor":"danje57+amangin@gmail.com","actorName":"Aurelien MANGIN","action":"auth.login","target":null,"details":null}
{"ts":"2026-06-11T11:12:59.254Z","actor":"danje57+amangin@gmail.com","actorName":"Aurelien MANGIN","action":"auth.login","target":null,"details":null}
{"ts":"2026-06-11T11:14:47.608Z","actor":"danje57+amangin@gmail.com","actorName":"Aurelien MANGIN","action":"auth.login","target":null,"details":null}
{"ts":"2026-06-11T11:16:29.239Z","actor":"danje57+acosta@gmail.com","actorName":"Astrid Costa","action":"auth.login","target":null,"details":null}
{"ts":"2026-06-11T11:17:42.411Z","actor":"danje57+acosta@gmail.com","actorName":"Astrid Costa","action":"auth.logout","target":null,"details":null}
{"ts":"2026-06-11T11:17:54.739Z","actor":"danje57+acosta@gmail.com","actorName":"Astrid Costa","action":"auth.login","target":null,"details":null}
{"ts":"2026-06-11T11:18:07.773Z","actor":"danje57+acosta@gmail.com","actorName":"Astrid Costa","action":"auth.logout","target":null,"details":null}
{"ts":"2026-06-11T11:19:50.669Z","actor":"danje57+jdannenmuller@gmail.com","actorName":"Jeremy DANNENMULLER","action":"auth.login","target":null,"details":null}
{"ts":"2026-06-11T11:19:57.443Z","actor":"danje57+jdannenmuller@gmail.com","actorName":"Jeremy DANNENMULLER","action":"license.activate","target":"Activation licence","details":null}
{"ts":"2026-06-11T11:29:59.933Z","actor":"danje57+jdannenmuller@gmail.com","actorName":"Jeremy DANNENMULLER","action":"license.activate","target":"Activation licence","details":null}
{"ts":"2026-06-11T11:32:09.794Z","actor":"danje57+jdannenmuller@gmail.com","actorName":"Jeremy DANNENMULLER","action":"auth.logout","target":null,"details":null}
{"ts":"2026-06-11T11:32:25.616Z","actor":"danje57+jdannenmuller@gmail.com","actorName":"Jeremy DANNENMULLER","action":"auth.login_failed","target":null,"details":{"reason":"invalid_password"}}
{"ts":"2026-06-11T11:32:28.034Z","actor":"danje57+jdannenmuller@gmail.com","actorName":"Jeremy DANNENMULLER","action":"auth.login_failed","target":null,"details":{"reason":"invalid_password"}}
{"ts":"2026-06-11T11:32:35.472Z","actor":"danje57+jdannenmuller@gmail.com","actorName":"Jeremy DANNENMULLER","action":"auth.login","target":null,"details":null}
{"ts":"2026-06-11T11:36:21.176Z","actor":"danje57+jdannenmuller@gmail.com","actorName":"Jeremy DANNENMULLER","action":"auth.login","target":null,"details":null}
{"ts":"2026-06-11T11:38:31.043Z","actor":"danje57+jdannenmuller@gmail.com","actorName":"Jeremy DANNENMULLER","action":"license.activate","target":"Activation licence","details":null}
{"ts":"2026-06-11T11:39:30.773Z","actor":"danje57+jdannenmuller@gmail.com","actorName":"Jeremy DANNENMULLER","action":"license.activate","target":"Activation licence","details":null}
{"ts":"2026-06-11T11:50:23.895Z","actor":"danje57+jdannenmuller@gmail.com","actorName":"Jeremy DANNENMULLER","action":"auth.logout","target":null,"details":null}
{"ts":"2026-06-11T11:50:38.168Z","actor":"danje57+acosta@gmail.com","actorName":"Astrid Costa","action":"auth.login_failed","target":null,"details":{"reason":"invalid_password"}}
{"ts":"2026-06-11T11:50:45.567Z","actor":"danje57+acosta@gmail.com","actorName":"Astrid Costa","action":"auth.login","target":null,"details":null}
{"ts":"2026-06-11T11:51:27.655Z","actor":"danje57+acosta@gmail.com","actorName":"Astrid Costa","action":"auth.logout","target":null,"details":null}
{"ts":"2026-06-11T11:51:32.918Z","actor":"danje57+jdannenmuller@gmail.com","actorName":"Jeremy DANNENMULLER","action":"auth.login","target":null,"details":null}
{"ts":"2026-06-11T11:55:21.093Z","actor":"danje57+jdannenmuller@gmail.com","actorName":"Jeremy DANNENMULLER","action":"auth.logout","target":null,"details":null}
{"ts":"2026-06-11T11:55:41.106Z","actor":"danje57+jdannenmuller@gmail.com","actorName":"Jeremy DANNENMULLER","action":"auth.login","target":null,"details":null}
{"ts":"2026-06-11T11:57:27.619Z","actor":"danje57+jdannenmuller@gmail.com","actorName":"Jeremy DANNENMULLER","action":"license.expiry_warning","target":"Licence expire dans 3 jours","details":{"daysLeft":3}}
{"ts":"2026-06-11T11:58:56.279Z","actor":"danje57+jdannenmuller@gmail.com","actorName":"Jeremy DANNENMULLER","action":"license.expiry_warning","target":"Licence expire dans 3 jours","details":{"daysLeft":3}}
{"ts":"2026-06-11T12:04:46.381Z","actor":"danje57+jdannenmuller@gmail.com","actorName":"Jeremy DANNENMULLER","action":"auth.login","target":null,"details":null}
{"ts":"2026-06-11T12:05:58.489Z","actor":"danje57+jdannenmuller@gmail.com","actorName":"Jeremy DANNENMULLER","action":"license.activate","target":"Activation licence","details":null}
{"ts":"2026-06-11T12:24:47.805Z","actor":"danje57+jdannenmuller@gmail.com","actorName":"Jeremy DANNENMULLER","action":"course.delete","target":"H5P3","details":null}
{"ts":"2026-06-11T12:24:51.580Z","actor":"danje57+jdannenmuller@gmail.com","actorName":"Jeremy DANNENMULLER","action":"course.delete","target":"h5p2","details":null}
{"ts":"2026-06-11T12:24:54.872Z","actor":"danje57+jdannenmuller@gmail.com","actorName":"Jeremy DANNENMULLER","action":"course.delete","target":"h5p","details":null}
{"ts":"2026-06-11T12:24:57.723Z","actor":"danje57+jdannenmuller@gmail.com","actorName":"Jeremy DANNENMULLER","action":"course.delete","target":"video","details":null}
{"ts":"2026-06-11T12:25:00.382Z","actor":"danje57+jdannenmuller@gmail.com","actorName":"Jeremy DANNENMULLER","action":"course.delete","target":"pptx","details":null}
{"ts":"2026-06-11T12:25:32.556Z","actor":"danje57+jdannenmuller@gmail.com","actorName":"Jeremy DANNENMULLER","action":"document.delete","target":"ROPOPO","details":null}
{"ts":"2026-06-11T12:25:45.583Z","actor":"danje57+jdannenmuller@gmail.com","actorName":"Jeremy DANNENMULLER","action":"document.delete","target":"GDPR","details":null}
{"ts":"2026-06-11T12:25:56.263Z","actor":"danje57+jdannenmuller@gmail.com","actorName":"Jeremy DANNENMULLER","action":"document.delete","target":"Mon test Workflow","details":null}
{"ts":"2026-06-11T12:25:59.221Z","actor":"danje57+jdannenmuller@gmail.com","actorName":"Jeremy DANNENMULLER","action":"document.delete","target":"Test JDA","details":null}
{"ts":"2026-06-11T12:26:01.442Z","actor":"danje57+jdannenmuller@gmail.com","actorName":"Jeremy DANNENMULLER","action":"document.delete","target":"BASELINE","details":null}
{"ts":"2026-06-11T12:26:06.593Z","actor":"danje57+jdannenmuller@gmail.com","actorName":"Jeremy DANNENMULLER","action":"document.delete","target":"Chart Informatique","details":null}
{"ts":"2026-06-11T12:27:14.421Z","actor":"danje57+jdannenmuller@gmail.com","actorName":"Jeremy DANNENMULLER","action":"document.view","target":"AUP","details":null}
{"ts":"2026-06-11T12:29:18.250Z","actor":"danje57+jdannenmuller@gmail.com","actorName":"Jeremy DANNENMULLER","action":"auth.logout","target":null,"details":null}
{"ts":"2026-06-11T12:29:39.774Z","actor":"danje57+jdannenmuller@gmail.com","actorName":"Jeremy DANNENMULLER","action":"auth.login","target":null,"details":null}
{"ts":"2026-06-11T12:31:53.504Z","actor":"danje57+jdannenmuller@gmail.com","actorName":"Jeremy DANNENMULLER","action":"course.edit","target":"NEW PPTX","details":{"title":"NEW PPTX","duration":40,"hasQuiz":false,"passingScore":null}}
{"ts":"2026-06-11T12:32:23.918Z","actor":"danje57+jdannenmuller@gmail.com","actorName":"Jeremy DANNENMULLER","action":"document.upload","target":"NEW PDF","details":null}
{"ts":"2026-06-11T12:34:35.940Z","actor":"danje57+jdannenmuller@gmail.com","actorName":"Jeremy DANNENMULLER","action":"document.delete","target":"NEW PDF","details":null}
{"ts":"2026-06-11T12:35:42.059Z","actor":"danje57+jdannenmuller@gmail.com","actorName":"Jeremy DANNENMULLER","action":"document.upload","target":"NEWNEW PDF","details":null}
{"ts":"2026-06-11T12:36:03.514Z","actor":"danje57+jdannenmuller@gmail.com","actorName":"Jeremy DANNENMULLER","action":"course.delete","target":"NEW PPTX","details":null}
{"ts":"2026-06-11T12:36:59.374Z","actor":"danje57+jdannenmuller@gmail.com","actorName":"Jeremy DANNENMULLER","action":"course.edit","target":"NEWNEW PPTX","details":{"title":"NEWNEW PPTX","duration":23,"hasQuiz":false,"passingScore":null}}
{"ts":"2026-06-11T12:39:02.069Z","actor":"danje57+jdannenmuller@gmail.com","actorName":"Jeremy DANNENMULLER","action":"course.start","target":"NEWNEW PPTX","details":null}
{"ts":"2026-06-11T12:39:22.869Z","actor":"danje57+jdannenmuller@gmail.com","actorName":"Jeremy DANNENMULLER","action":"course.complete","target":"NEWNEW PPTX","details":null}
{"ts":"2026-06-11T12:45:01.180Z","actor":"danje57+jdannenmuller@gmail.com","actorName":"Jeremy DANNENMULLER","action":"auth.login","target":null,"details":null}
{"ts":"2026-06-11T12:49:31.182Z","actor":"danje57+jdannenmuller@gmail.com","actorName":"Jeremy DANNENMULLER","action":"auth.login","target":null,"details":null}
{"ts":"2026-06-11T12:51:12.392Z","actor":"danje57+jdannenmuller@gmail.com","actorName":"Jeremy DANNENMULLER","action":"document.delete","target":"NEWNEW PDF","details":null}
{"ts":"2026-06-11T12:51:39.178Z","actor":"danje57+jdannenmuller@gmail.com","actorName":"Jeremy DANNENMULLER","action":"document.upload","target":"NEWNEWNEW PDF","details":null}
{"ts":"2026-06-11T12:55:56.962Z","actor":"danje57+jdannenmuller@gmail.com","actorName":"Jeremy DANNENMULLER","action":"auth.logout","target":null,"details":null}
{"ts":"2026-06-11T12:56:11.296Z","actor":"danje57+acosta@gmail.com","actorName":"Astrid Costa","action":"auth.login","target":null,"details":null}
{"ts":"2026-06-11T12:58:28.499Z","actor":"danje57+acosta@gmail.com","actorName":"Astrid Costa","action":"auth.logout","target":null,"details":null}
{"ts":"2026-06-11T12:58:34.335Z","actor":"danje57+jdannenmuller@gmail.com","actorName":"Jeremy DANNENMULLER","action":"auth.login","target":null,"details":null}
{"ts":"2026-06-11T13:00:52.241Z","actor":"danje57+jdannenmuller@gmail.com","actorName":"Jeremy DANNENMULLER","action":"settings.branding","target":null,"details":{"appName":"Free LMS LEGO"}}
{"ts":"2026-06-11T13:01:05.228Z","actor":"danje57+jdannenmuller@gmail.com","actorName":"Jeremy DANNENMULLER","action":"auth.logout","target":null,"details":null}
{"ts":"2026-06-11T13:01:21.060Z","actor":"danje57+jdannenmuller@gmail.com","actorName":"Jeremy DANNENMULLER","action":"auth.login","target":null,"details":null}
{"ts":"2026-06-11T13:06:18.444Z","actor":"danje57+jdannenmuller@gmail.com","actorName":"Jeremy DANNENMULLER","action":"auth.logout","target":null,"details":null}
{"ts":"2026-06-11T13:06:39.620Z","actor":"danje57+jdannenmuller@gmail.com","actorName":"Jeremy DANNENMULLER","action":"auth.login","target":null,"details":null}
{"ts":"2026-06-11T13:13:07.073Z","actor":"danje57+jdannenmuller@gmail.com","actorName":"Jeremy DANNENMULLER","action":"course.assign","target":"TESTTEST PPTX","details":{"added":6,"removed":0}}
{"ts":"2026-06-11T13:14:19.139Z","actor":"danje57+jdannenmuller@gmail.com","actorName":"Jeremy DANNENMULLER","action":"auth.logout","target":null,"details":null}
{"ts":"2026-06-11T13:14:37.915Z","actor":"danje57+acosta@gmail.com","actorName":"Astrid Costa","action":"auth.login","target":null,"details":null}
{"ts":"2026-06-11T13:15:11.048Z","actor":"danje57+acosta@gmail.com","actorName":"Astrid Costa","action":"course.start","target":"NEWNEW PPTX","details":null}
{"ts":"2026-06-11T13:15:56.868Z","actor":"danje57+acosta@gmail.com","actorName":"Astrid Costa","action":"auth.login","target":null,"details":null}
{"ts":"2026-06-11T13:16:52.979Z","actor":"danje57+acosta@gmail.com","actorName":"Astrid Costa","action":"document.view","target":"NEWNEWNEW PDF","details":null}
{"ts":"2026-06-11T13:17:09.308Z","actor":"danje57+acosta@gmail.com","actorName":"Astrid Costa","action":"document.signed","target":"NEWNEWNEW PDF","details":{"signatureId":"cmq9iv2nq003nsskc13dxbft4","ipAddress":"::ffff:192.168.1.40"}}
{"ts":"2026-06-11T13:17:16.114Z","actor":"danje57+acosta@gmail.com","actorName":"Astrid Costa","action":"certificate.download","target":"NEWNEWNEW PDF","details":null}
{"ts":"2026-06-11T13:23:11.432Z","actor":"danje57+acosta@gmail.com","actorName":"Astrid Costa","action":"auth.logout","target":null,"details":null}
{"ts":"2026-06-11T13:23:21.556Z","actor":"danje57+jdannenmuller@gmail.com","actorName":"Jeremy DANNENMULLER","action":"auth.login","target":null,"details":null}
{"ts":"2026-06-11T13:30:03.252Z","actor":"danje57+acosta@gmail.com","actorName":"Astrid Costa","action":"auth.logout","target":null,"details":null}
{"ts":"2026-06-11T13:34:02.152Z","actor":"danje57+jdannenmuller@gmail.com","actorName":"Jeremy DANNENMULLER","action":"auth.login_failed","target":null,"details":{"reason":"invalid_password"}}
{"ts":"2026-06-11T13:34:31.985Z","actor":"danje57+jdannenmuller@gmail.com","actorName":"Jeremy DANNENMULLER","action":"auth.login","target":null,"details":null}
{"ts":"2026-06-11T13:35:02.967Z","actor":"danje57+jdannenmuller@gmail.com","actorName":"Jeremy DANNENMULLER","action":"course.upload","target":"TESTTESTTEST H5P","details":null}
{"ts":"2026-06-11T13:35:36.251Z","actor":"danje57+jdannenmuller@gmail.com","actorName":"Jeremy DANNENMULLER","action":"course.upload","target":"TESTTESTTEST VIDEO","details":null}
{"ts":"2026-06-11T13:41:46.972Z","actor":"danje57+jdannenmuller@gmail.com","actorName":"Jeremy DANNENMULLER","action":"auth.logout","target":null,"details":null}
{"ts":"2026-06-11T13:42:01.283Z","actor":"danje57+acosta@gmail.com","actorName":"Astrid Costa","action":"auth.login","target":null,"details":null}
{"ts":"2026-06-11T13:42:17.954Z","actor":"danje57+acosta@gmail.com","actorName":"Astrid Costa","action":"course.start","target":"TESTTESTTEST VIDEO","details":null}
{"ts":"2026-06-11T13:42:44.067Z","actor":"danje57+acosta@gmail.com","actorName":"Astrid Costa","action":"course.start","target":"TESTTESTTEST H5P","details":null}
{"ts":"2026-06-11T13:43:13.041Z","actor":"danje57+acosta@gmail.com","actorName":"Astrid Costa","action":"course.complete","target":"TESTTESTTEST H5P","details":null}
{"ts":"2026-06-11T13:43:41.065Z","actor":"danje57+acosta@gmail.com","actorName":"Astrid Costa","action":"auth.logout","target":null,"details":null}
{"ts":"2026-06-11T13:43:46.037Z","actor":"danje57+jdannenmuller@gmail.com","actorName":"Jeremy DANNENMULLER","action":"auth.login","target":null,"details":null}
{"ts":"2026-06-11T13:47:51.736Z","actor":"danje57+jdannenmuller@gmail.com","actorName":"Jeremy DANNENMULLER","action":"license.renew","target":"Renouvellement licence → danjecorp","details":null}
{"ts":"2026-06-11T13:52:45.726Z","actor":"danje57+jdannenmuller@gmail.com","actorName":"Jeremy DANNENMULLER","action":"auth.logout","target":null,"details":null}
{"ts":"2026-06-11T13:53:01.977Z","actor":"danje57+acosta@gmail.com","actorName":"Astrid Costa","action":"auth.login","target":null,"details":null}
{"ts":"2026-06-11T13:53:46.027Z","actor":"danje57+acosta@gmail.com","actorName":"Astrid Costa","action":"document.view","target":"NEWNEWNEW PDF","details":null}
{"ts":"2026-06-11T13:55:59.265Z","actor":"danje57+acosta@gmail.com","actorName":"Astrid Costa","action":"course.start","target":"TESTTEST PPTX","details":null}
{"ts":"2026-06-11T13:58:11.545Z","actor":"danje57+acosta@gmail.com","actorName":"Astrid Costa","action":"course.assign","target":"COSTAPPTX","details":{"added":1,"removed":0}}
{"ts":"2026-06-11T13:58:31.510Z","actor":"danje57+acosta@gmail.com","actorName":"Astrid Costa","action":"auth.logout","target":null,"details":null}
{"ts":"2026-06-11T13:58:46.880Z","actor":"danje57+npetit@gmail.com","actorName":"Nicolas Petit","action":"auth.login","target":null,"details":null}
{"ts":"2026-06-11T13:59:08.114Z","actor":"danje57+npetit@gmail.com","actorName":"Nicolas Petit","action":"course.start","target":"COSTAPPTX","details":null}
{"ts":"2026-06-11T13:59:56.569Z","actor":"danje57+npetit@gmail.com","actorName":"Nicolas Petit","action":"auth.logout","target":null,"details":null}
{"ts":"2026-06-11T14:00:01.459Z","actor":"danje57+jdannenmuller@gmail.com","actorName":"Jeremy DANNENMULLER","action":"auth.login","target":null,"details":null}
